{
  "positions": [
    {
      "title": "Senior Content Design and Execution Lead, Medical Information & Communication, Medical Affairs",
      "company": "Genentech",
      "location": "South San Francisco, California, United States",
      "start": "July 2024",
      "end": "November 2024",
      "summary": ""
    },
    {
      "title": "Director, Medical Communications & Information, Medical Affairs",
      "company": "Sumitomo Pharma America, Inc.",
      "location": "",
      "start": "October 2023",
      "end": "March 2024",
      "summary": ""
    },
    {
      "title": "Associate Director, Medical Communications & Information, Medical Affairs",
      "company": "Sumitomo Pharma America, Inc.",
      "location": "Brisbane, California, United States",
      "start": "July 2023",
      "end": "October 2023",
      "summary": ""
    },
    {
      "title": "Associate Director, Medical Communications & Information (Acquired by Sumitomo Pharma America, Inc.)",
      "company": "Myovant Sciences",
      "location": "Brisbane, California, United States",
      "start": "September 2021",
      "end": "July 2023",
      "summary": ""
    },
    {
      "title": "Associate Director, Medical Information, Medical Affairs",
      "company": "Ascendis Pharma",
      "location": "Palo Alto, California, United States",
      "start": "April 2021",
      "end": "August 2021",
      "summary": ""
    },
    {
      "title": "Associate Director, Global Medical Information, Medical Affairs",
      "company": "Jazz Pharmaceuticals",
      "location": "Palo Alto, CA",
      "start": "April 2019",
      "end": "March 2021",
      "summary": ""
    },
    {
      "title": "Associate Director, Medical Affairs Information",
      "company": "Exelixis",
      "location": "Alameda, CA",
      "start": "March 2019",
      "end": "April 2019",
      "summary": ""
    },
    {
      "title": "Senior Medical Information Manager",
      "company": "Exelixis",
      "location": "Alameda, CA",
      "start": "June 2017",
      "end": "March 2019",
      "summary": ""
    },
    {
      "title": "Associate Manager, Medical Information - Oncology/Cardiovascular",
      "company": "Gilead Sciences",
      "location": "Foster City, CA",
      "start": "April 2016",
      "end": "June 2017",
      "summary": ""
    },
    {
      "title": "Senior Drug Information Associate",
      "company": "Dohmen Life Science Services",
      "location": "Emeryville CA",
      "start": "December 2015",
      "end": "April 2016",
      "summary": ""
    },
    {
      "title": "Drug Information Associate",
      "company": "Dohmen Life Science Services",
      "location": "Emeryville, CA",
      "start": "October 2013",
      "end": "December 2015",
      "summary": ""
    },
    {
      "title": "Drug Safety Associate II",
      "company": "Exelixis",
      "location": "San Francisco Bay Area",
      "start": "January 2013",
      "end": "October 2013",
      "summary": ""
    },
    {
      "title": "Clinical Pharmacist",
      "company": "Kaiser Permanente",
      "location": "",
      "start": "February 2010",
      "end": "December 2012",
      "summary": ""
    },
    {
      "title": "Pharmacist",
      "company": "Walgreens",
      "location": "San Francisco, California, United States",
      "start": "June 2004",
      "end": "September 2012",
      "summary": ""
    },
    {
      "title": "Pharmacy Practice Resident (PGY1)",
      "company": "Kaiser Permanente",
      "location": "Diablo Service Area, Northern California",
      "start": "July 2008",
      "end": "July 2009",
      "summary": ""
    }
  ]
}